{"fiscal":{"fiscal_name":{"#type":"markup","#markup":"\u003Ch2\u003Efiscal_account\u003C\/h2\u003E","#prefix":"\u003Cdiv class=\u0022element-title\u0022\u003E","#suffix":"\u003C\/div\u003E"},"737600":{"branchName":{"#type":"markup","#markup":"\u003Ch3\u003EHovedbiblioteket \u003Cspan\u003E(3)\u003C\/span\u003E\u003C\/h3\u003E","#prefix":"\u003Cdiv class=\u0022element-title\u0022\u003E","#suffix":"\u003C\/div\u003E"},"fiscal_table":{"#type":"markup","#markup":"\u003Ctable class=\u0022table fiscal-account sticky-enabled\u0022\u003E\n \u003Cthead\u003E\u003Ctr\u003E\u003Cth\u003Eauthor_title\u003C\/th\u003E\u003Cth\u003Etype_header\u003C\/th\u003E\u003Cth\u003Edate_header\u003C\/th\u003E\u003Cth\u003Eamount_header\u003C\/th\u003E \u003C\/tr\u003E\u003C\/thead\u003E\n\u003Ctbody\u003E\n \u003Ctr class=\u0022odd\u0022\u003E\u003Ctd\u003E\u003Cp class=\u0022userstatus-row-item\u0022\u003E\n  \u003Cstrong\u003EAlfabethuset. - 6. udgave\u003C\/strong\u003E\u003Cbr\/\u003EAdler-Olsen, Jussi\u003C\/p\u003E\n\u003C\/td\u003E\u003Ctd\u003EBook Replacement Charge\u003C\/td\u003E\u003Ctd\u003E15.05.2013\u003C\/td\u003E\u003Ctd\u003E20 DKK\u003C\/td\u003E \u003C\/tr\u003E\n \u003Ctr class=\u0022even\u0022\u003E\u003Ctd\u003E\u003Cp class=\u0022userstatus-row-item\u0022\u003E\n  \u003Cstrong\u003ESamlede noveller\u003C\/strong\u003E\u003Cbr\/\u003EAndersen, Benny, f. 1929\u003C\/p\u003E\n\u003C\/td\u003E\u003Ctd\u003EBook Replacement Charge\u003C\/td\u003E\u003Ctd\u003E15.05.2013\u003C\/td\u003E\u003Ctd\u003E100 DKK\u003C\/td\u003E \u003C\/tr\u003E\n \u003Ctr class=\u0022odd\u0022\u003E\u003Ctd\u003E\u003Cp class=\u0022userstatus-row-item\u0022\u003E\n  \u003Cstrong\u003EPassageren\u003C\/strong\u003E\u003Cbr\/\u003EJacobsen, Steffen, f. 1956\u003C\/p\u003E\n\u003C\/td\u003E\u003Ctd\u003EFine\u003C\/td\u003E\u003Ctd\u003E04.06.2013\u003C\/td\u003E\u003Ctd\u003E0 DKK\u003C\/td\u003E \u003C\/tr\u003E\n\u003C\/tbody\u003E\n\u003C\/table\u003E\n"},"fiscal_branch_link":{"#type":"markup","#prefix":"\u003Cdiv class=\u0022payment-url-link\u0022\u003E","#suffix":"\u003C\/div\u003E","#markup":"\u003Ca href=\u0022https:\/\/www.nyfac.bibnet.dk\/sites\/WCB\/pub\/patronstatus.html\u0022 class=\u0022btn btn-blue\u0022 target=\u0022_blank\u0022\u003Efiscal_branch_link\u003C\/a\u003E"}},"737602":{"branchName":{"#type":"markup","#markup":"\u003Ch3\u003EN\u00f8rre Alslev Bibliotek \u003Cspan\u003E(3)\u003C\/span\u003E\u003C\/h3\u003E","#prefix":"\u003Cdiv class=\u0022element-title\u0022\u003E","#suffix":"\u003C\/div\u003E"},"fiscal_table":{"#type":"markup","#markup":"\u003Ctable class=\u0022table fiscal-account sticky-enabled\u0022\u003E\n \u003Cthead\u003E\u003Ctr\u003E\u003Cth\u003Eauthor_title\u003C\/th\u003E\u003Cth\u003Etype_header\u003C\/th\u003E\u003Cth\u003Edate_header\u003C\/th\u003E\u003Cth\u003Eamount_header\u003C\/th\u003E \u003C\/tr\u003E\u003C\/thead\u003E\n\u003Ctbody\u003E\n \u003Ctr class=\u0022odd\u0022\u003E\u003Ctd\u003E\u003Cp class=\u0022userstatus-row-item\u0022\u003E\n  \u003Cstrong\u003EAlfabethuset. - 6. udgave\u003C\/strong\u003E\u003Cbr\/\u003EAdler-Olsen, Jussi\u003C\/p\u003E\n\u003C\/td\u003E\u003Ctd\u003EBook Replacement Charge\u003C\/td\u003E\u003Ctd\u003E15.05.2013\u003C\/td\u003E\u003Ctd\u003E20 DKK\u003C\/td\u003E \u003C\/tr\u003E\n \u003Ctr class=\u0022even\u0022\u003E\u003Ctd\u003E\u003Cp class=\u0022userstatus-row-item\u0022\u003E\n  \u003Cstrong\u003ESamlede noveller\u003C\/strong\u003E\u003Cbr\/\u003EAndersen, Benny, f. 1929\u003C\/p\u003E\n\u003C\/td\u003E\u003Ctd\u003EBook Replacement Charge\u003C\/td\u003E\u003Ctd\u003E15.05.2013\u003C\/td\u003E\u003Ctd\u003E100 DKK\u003C\/td\u003E \u003C\/tr\u003E\n \u003Ctr class=\u0022odd\u0022\u003E\u003Ctd\u003E\u003Cp class=\u0022userstatus-row-item\u0022\u003E\n  \u003Cstrong\u003EPassageren\u003C\/strong\u003E\u003Cbr\/\u003EJacobsen, Steffen, f. 1956\u003C\/p\u003E\n\u003C\/td\u003E\u003Ctd\u003EFine\u003C\/td\u003E\u003Ctd\u003E04.06.2013\u003C\/td\u003E\u003Ctd\u003E0 DKK\u003C\/td\u003E \u003C\/tr\u003E\n\u003C\/tbody\u003E\n\u003C\/table\u003E\n"},"fiscal_branch_link":{"#type":"markup","#prefix":"\u003Cdiv class=\u0022payment-url-link\u0022\u003E","#suffix":"\u003C\/div\u003E","#markup":"\u003Ca href=\u0022https:\/\/www.nyfac.bibnet.dk\/sites\/WCB\/pub\/patronstatus.html\u0022 class=\u0022btn btn-blue\u0022 target=\u0022_blank\u0022\u003Efiscal_branch_link\u003C\/a\u003E"}}}}